<html>
<body>
<pre>
<h1>礦ision Build Log</h1>
<h2>Tool Versions:</h2>
IDE-Version: μVision V5.14.0.0
Copyright (C) 2015 ARM Ltd and ARM Germany GmbH. All rights reserved.
License Information: hu qx, shu, LIC=SDAQD-8XQQ8-ZWK2V-PFTD0-3RT7L-8CXC5
 
Tool Versions:
Toolchain:       MDK-ARM Standard  Version: 5.14.0.0
Toolchain Path:  F:\MDK5\ARM\ARMCC\Bin
C Compiler:      Armcc.exe V5.05 update 1 (build 106)
Assembler:       Armasm.exe V5.05 update 1 (build 106)
Linker/Locator:  ArmLink.exe V5.05 update 1 (build 106)
Library Manager: ArmAr.exe V5.05 update 1 (build 106)
Hex Converter:   FromElf.exe V5.05 update 1 (build 106)
CPU DLL:         SARMCM3.DLL V5.14.0.0
Dialog DLL:      DCM.DLL V1.13.1.0
Target DLL:      CMSIS_AGDI.dll V1.21.0.0
Dialog DLL:      TCM.DLL V1.14.4.0
 
<h2>Project:</h2>
D:\研究生\项目\MT2523\LinkIt_SDK_V4.6.1_public\project\mt2523_hdk\apps\gnss_get_location\MDK-ARM\gnss_get_location.uvprojx
Project File Date:  11/15/2017

<h2>Output:</h2>
Build target 'Target 1'
compiling epo_demo.c...
compiling epo_download.c...
compiling ept_eint_var.c...
compiling ept_gpio_var.c...
compiling gnss_app.c...
compiling gnss_bridge_task.c...
compiling gnss_demo.c...
compiling gnss_ring_buffer.c...
compiling gnss_timer.c...
compiling gnss_uart_bridge.c...
compiling main.c...
..\inc\ble_app_common.h(58): warning:  #1-D: last line of file ends without a newline
  #endif /* __BLE_APP_COMMON_H__ */
..\src\main.c: 1 warning, 0 errors
compiling regions_init.c...
compiling bt_common.c...
compiling bt_hci_log_uart.c...
compiling bt_init.c...
compiling sys_init.c...
compiling ble_app_common.c...
..\inc\ble_app_common.h(58): warning:  #1-D: last line of file ends without a newline
  #endif /* __BLE_APP_COMMON_H__ */
..\src\ble_app_common.c: 1 warning, 0 errors
compiling gatt_service.c...
compiling system_mt2523.c...
assembling startup_mt2523.s...
compiling timers.c...
compiling list.c...
compiling queue.c...
compiling tasks.c...
compiling heap_4.c...
compiling event_groups.c...
compiling croutine.c...
compiling port_tick.c...
compiling port.c...
compiling nvdm_port.c...
compiling gnss_config.c...
compiling gnss_api.c...
compiling gnss_driver.c...
compiling hal_accdet.c...
compiling hal_accdet_internal.c...
compiling hal_adc.c...
compiling hal_audio.c...
compiling hal_audio_custom.c...
compiling hal_audio_enhancement.c...
compiling hal_audio_internal_afe.c...
compiling hal_audio_internal_pcm.c...
compiling hal_audio_internal_pcm2way.c...
compiling hal_audio_internal_service.c...
compiling hal_audio_internal_vm.c...
compiling hal_audio_low_power.c...
compiling hal_audio_post_processing.c...
compiling hal_audio_test.c...
compiling hal_bsi.c...
compiling hal_cache.c...
compiling hal_cache_internal.c...
compiling hal_charger.c...
compiling hal_dac.c...
compiling hal_dcm.c...
compiling hal_dcxo.c...
compiling hal_display_color.c...
compiling hal_display_color_internal.c...
compiling hal_display_dsi.c...
compiling hal_display_dsi_internal.c...
compiling hal_display_lcd.c...
compiling hal_display_lcd_internal.c...
compiling hal_display_pwm.c...
compiling hal_display_pwm_internal.c...
compiling hal_dvfs.c...
compiling hal_eint.c...
compiling hal_eint_internal.c...
compiling hal_emi.c...
compiling hal_audio_fw_interface.c...
compiling hal_audio_fw_slt.c...
compiling hal_flash_cfi.c...
compiling hal_flash_combo_init.c...
compiling hal_flash_combo_nor.c...
compiling hal_flash_custom.c...
compiling hal_flash_custom_sfi.c...
compiling hal_flash_disk.c...
compiling hal_flash_mtd.c...
compiling hal_flash_mtd_common.c...
compiling hal_flash_mtd_dal.c...
compiling hal_gdma.c...
compiling hal_gdma_internal.c...
compiling hal_gpio.c...
compiling hal_gpt.c...
compiling hal_gpt_internal.c...
compiling hal_i2c_master.c...
compiling hal_i2c_master_internal.c...
compiling hal_i2c_pmic.c...
compiling hal_i2s.c...
compiling hal_i2s_internal.c...
compiling hal_i2s_internal_pcm_route.c...
compiling hal_isink.c...
compiling hal_keypad.c...
compiling hal_keypad_internal.c...
compiling hal_keypad_powerkey_internal.c...
compiling hal_log.c...
compiling hal_misc.c...
compiling hal_mpu.c...
compiling hal_mpu_internal.c...
compiling hal_msdc.c...
compiling hal_nvic.c...
compiling hal_dwt.c...
compiling hal_nvic_internal.c...
compiling hal_pdma_internal.c...
compiling hal_pmu.c...
compiling hal_pmu_auxadc.c...
compiling hal_pmu_internal.c...
compiling hal_pwm.c...
compiling hal_rtc.c...
compiling hal_sd.c...
compiling hal_sd_internal.c...
compiling hal_sdio.c...
compiling hal_sdio_internal.c...
compiling hal_spi_master.c...
compiling hal_spi_master_internal.c...
compiling hal_spi_slave.c...
compiling hal_spi_slave_internal.c...
compiling hal_trng.c...
compiling hal_trng_internal.c...
compiling hal_uart.c...
compiling hal_uart_internal.c...
compiling hal_uart_internal_platform.c...
compiling hal_usb.c...
compiling hal_usb_phy.c...
compiling hal_wdt.c...
compiling hal_wdt_internal.c...
compiling hal_wdt_retention.c...
compiling hal_weak.c...
compiling hal_clock_internal.c...
compiling hal_dvfs_internal_vcore.c...
compiling hal_dvfs_internal.c...
compiling bsp_gpio_ept_config.c...
compiling hal_g2d.c...
compiling hal_pmu_wrap_interface.c...
compiling hal_aes.c...
compiling context_info_save.c...
compiling exception_handler.c...
compiling syslog.c...
compiling toi.c...
compiling os_port_callback.c...
compiling bt_notify_conversion.c...
compiling bt_notify_data_parse.c...
compiling bt_notify_list.c...
compiling bt_notify_task.c...
compiling xml_main.c...
compiling ble_dogp_adp_service.c...
compiling ble_dogp_common.c...
compiling ble_dogp_service.c...
compiling bt_callback_manager.c...
compiling bt_cli.c...
compiling bt_debug.c...
compiling bt_hci_log.c...
compiling bt_os_layer_api.c...
..\..\..\..\..\middleware\MTK\bluetooth\src\bt_os_layer_api.c(439): warning:  #191-D: type qualifier is meaningless on cast type
      bt_hci_log(0, (const void *)hci_log_string, (const uint32_t)sizeof(hci_log_string));
..\..\..\..\..\middleware\MTK\bluetooth\src\bt_os_layer_api.c: 1 warning, 0 errors
compiling bt_task.c...
compiling md5.c...
compiling aes.c...
compiling platform.c...
compiling atci_adapter.c...
compiling atci_handler.c...
compiling atci_main.c...
compiling at_command.c...
compiling at_command_serial_port.c...
compiling usb.c...
compiling usb_custom.c...
compiling usb_main.c...
compiling usb_resource.c...
compiling usbacm_adap.c...
compiling usbacm_drv.c...
compiling usbms_adap.c...
compiling usbms_drv.c...
compiling usbms_msdc.c...
compiling usbms_state.c...
compiling serial_port.c...
compiling serial_port_para.c...
compiling serial_port_uart.c...
compiling serial_port_usb.c...
linking...
Program Size: Code=254292 RO-data=97656 RW-data=34996 ZI-data=814524  
FromELF: creating hex file...
After Build - User command #1: fromelf.exe --bin -o ..\..\..\..\..\out_keil\mt2523_hdk\gnss_get_location\gnss_get_location.bin ..\..\..\..\..\out_keil\mt2523_hdk\gnss_get_location\gnss_get_location.axf
After Build - User command #2: fromelf.exe -c -o ..\..\..\..\..\out_keil\mt2523_hdk\gnss_get_location\gnss_get_location.dis ..\..\..\..\..\out_keil\mt2523_hdk\gnss_get_location\gnss_get_location.axf
"..\..\..\..\..\out_keil\mt2523_hdk\gnss_get_location\gnss_get_location.axf" - 0 Error(s), 3 Warning(s).

<h2>Collection of Component include folders:</h2>
  D:\研究生\项目\MT2523\LinkIt_SDK_V4.6.1_public\project\mt2523_hdk\apps\gnss_get_location\MDK-ARM\RTE
  F:\MDK5\ARM\PACK\MediaTek\MTx\4.6.1

<h2>Collection of Component Files used:</h2>
</pre>
</body>
</html>
